<span class="kui-icon anthropic-icon" data-testid="kui-icon-wrapper-anthropic-icon" style="box-sizing: border-box; color: rgb(0, 68, 244); display: inline-flex; flex-shrink: 0; height: 32px; line-height: 0; width: 32px;"><svg data-testid="kui-icon-svg-anthropic-icon" fill="none" height="100%" role="img" viewBox="0 0 24 24" width="100%" xmlns="http://www.w3.org/2000/svg"><title data-testid="kui-icon-svg-title">My custom title</title><path d="M16.3231 5H13.2862L18.8215 19H21.8585L16.3231 5ZM7.53538 5L2 19H5.10154L6.24308 16.0708H12.0369L13.1569 19H16.2585L10.7231 5H7.53538ZM7.23385 13.4646L9.12923 8.55385L11.0246 13.4646H7.23385Z" fill="#181818"></path></svg></span>