<span class="kui-icon bar-chart-icon" data-testid="kui-icon-wrapper-bar-chart-icon" style="box-sizing: border-box; color: rgb(0, 68, 244); display: inline-flex; flex-shrink: 0; height: 32px; line-height: 0; width: 32px;"><svg data-testid="kui-icon-svg-bar-chart-icon" fill="none" height="100%" role="img" viewBox="0 0 24 24" width="100%" xmlns="http://www.w3.org/2000/svg"><title data-testid="kui-icon-svg-title">My custom title</title><path d="M4 20V12H8V20H4ZM10 20V4H14V20H10ZM16 20V9H20V20H16Z" fill="currentColor"></path></svg></span>