<span data-v-f0c3156b="" class="kui-icon blockquote-icon" data-testid="kui-icon-wrapper-blockquote-icon" style="box-sizing: border-box; color: rgb(0, 68, 244); display: inline-flex; height: 32px; line-height: 0; width: 32px;"><svg data-v-f0c3156b="" data-testid="kui-icon-svg-blockquote-icon" fill="none" height="100%" role="img" viewBox="0 0 24 24" width="100%" xmlns="http://www.w3.org/2000/svg"><title data-v-f0c3156b="" data-testid="kui-icon-svg-title">My custom title</title><path data-v-f0c3156b="" d="M6.55 16.5L8 14C6.9 14 5.95833 13.6083 5.175 12.825C4.39167 12.0417 4 11.1 4 10C4 8.9 4.39167 7.95833 5.175 7.175C5.95833 6.39167 6.9 6 8 6C9.1 6 10.0417 6.39167 10.825 7.175C11.6083 7.95833 12 8.9 12 10C12 10.3833 11.9542 10.7375 11.8625 11.0625C11.7708 11.3875 11.6333 11.7 11.45 12L8.275 17.5C8.19167 17.65 8.075 17.7708 7.925 17.8625C7.775 17.9542 7.60833 18 7.425 18C7.04167 18 6.75417 17.8333 6.5625 17.5C6.37083 17.1667 6.36667 16.8333 6.55 16.5ZM15.55 16.5L17 14C15.9 14 14.9583 13.6083 14.175 12.825C13.3917 12.0417 13 11.1 13 10C13 8.9 13.3917 7.95833 14.175 7.175C14.9583 6.39167 15.9 6 17 6C18.1 6 19.0417 6.39167 19.825 7.175C20.6083 7.95833 21 8.9 21 10C21 10.3833 20.9542 10.7375 20.8625 11.0625C20.7708 11.3875 20.6333 11.7 20.45 12L17.275 17.5C17.1917 17.65 17.075 17.7708 16.925 17.8625C16.775 17.9542 16.6083 18 16.425 18C16.0417 18 15.7542 17.8333 15.5625 17.5C15.3708 17.1667 15.3667 16.8333 15.55 16.5Z" fill="currentColor"></path></svg></span>