<span class="kui-icon chart-area-icon" data-testid="kui-icon-wrapper-chart-area-icon" style="box-sizing: border-box; color: rgb(0, 68, 244); display: inline-flex; flex-shrink: 0; height: 32px; line-height: 0; width: 32px;"><svg data-testid="kui-icon-svg-chart-area-icon" fill="none" height="100%" role="img" viewBox="0 0 24 24" width="100%" xmlns="http://www.w3.org/2000/svg"><title data-testid="kui-icon-svg-title">My custom title</title><path d="M2.0498 21L8.4998 12H13.5498L20.9998 3.30002V21H2.0498ZM3.7998 15.175L2.1998 14.025L6.4998 8.00002H11.5498L16.2498 2.52502L17.7498 3.82502L12.4498 10H7.4998L3.7998 15.175Z" fill="currentColor"></path></svg></span>