<span class="kui-icon chevron-double-right-icon" data-testid="kui-icon-wrapper-chevron-double-right-icon" style="box-sizing: border-box; color: rgb(0, 68, 244); display: inline-flex; flex-shrink: 0; height: 32px; line-height: 0; width: 32px;"><svg data-testid="kui-icon-svg-chevron-double-right-icon" fill="none" height="100%" role="img" viewBox="0 0 24 24" width="100%" xmlns="http://www.w3.org/2000/svg"><title data-testid="kui-icon-svg-title">My custom title</title><path d="M9.57511 12L5.70011 8.09999C5.51678 7.91665 5.42094 7.68749 5.41261 7.41249C5.40428 7.13749 5.50011 6.89999 5.70011 6.69999C5.88344 6.51665 6.11678 6.42499 6.40011 6.42499C6.68344 6.42499 6.91678 6.51665 7.10011 6.69999L11.7001 11.3C11.8001 11.4 11.8709 11.5083 11.9126 11.625C11.9543 11.7417 11.9751 11.8667 11.9751 12C11.9751 12.1333 11.9543 12.2583 11.9126 12.375C11.8709 12.4917 11.8001 12.6 11.7001 12.7L7.10011 17.3C6.91678 17.4833 6.68761 17.5792 6.41261 17.5875C6.13761 17.5958 5.90011 17.5 5.70011 17.3C5.51678 17.1167 5.42511 16.8833 5.42511 16.6C5.42511 16.3167 5.51678 16.0833 5.70011 15.9L9.57511 12ZM16.1751 12L12.3001 8.09999C12.1168 7.91665 12.0209 7.68749 12.0126 7.41249C12.0043 7.13749 12.1001 6.89999 12.3001 6.69999C12.4834 6.51665 12.7168 6.42499 13.0001 6.42499C13.2834 6.42499 13.5168 6.51665 13.7001 6.69999L18.3001 11.3C18.4001 11.4 18.4709 11.5083 18.5126 11.625C18.5543 11.7417 18.5751 11.8667 18.5751 12C18.5751 12.1333 18.5543 12.2583 18.5126 12.375C18.4709 12.4917 18.4001 12.6 18.3001 12.7L13.7001 17.3C13.5168 17.4833 13.2876 17.5792 13.0126 17.5875C12.7376 17.5958 12.5001 17.5 12.3001 17.3C12.1168 17.1167 12.0251 16.8833 12.0251 16.6C12.0251 16.3167 12.1168 16.0833 12.3001 15.9L16.1751 12Z" fill="currentColor"></path></svg></span>