<span data-v-39d7139a="" class="kui-icon copy-icon" data-testid="kui-icon-wrapper-copy-icon" style="box-sizing: border-box; color: rgb(0, 68, 244); display: inline-flex; flex-shrink: 0; height: 32px; line-height: 0; width: 32px;"><svg data-v-39d7139a="" data-testid="kui-icon-svg-copy-icon" fill="none" height="100%" role="img" viewBox="0 0 24 24" width="100%" xmlns="http://www.w3.org/2000/svg"><title data-v-39d7139a="" data-testid="kui-icon-svg-title">My custom title</title><path data-v-39d7139a="" d="M5 22C4.45 22 3.97917 21.8042 3.5875 21.4125C3.19583 21.0208 3 20.55 3 20V6H5V20H16V22H5ZM9 18C8.45 18 7.97917 17.8042 7.5875 17.4125C7.19583 17.0208 7 16.55 7 16V4C7 3.45 7.19583 2.97917 7.5875 2.5875C7.97917 2.19583 8.45 2 9 2H18C18.55 2 19.0208 2.19583 19.4125 2.5875C19.8042 2.97917 20 3.45 20 4V16C20 16.55 19.8042 17.0208 19.4125 17.4125C19.0208 17.8042 18.55 18 18 18H9ZM9 16H18V4H9V16Z" fill="currentColor"></path></svg></span>