<span data-v-c29c0c10="" class="kui-icon equal-icon" data-testid="kui-icon-wrapper-equal-icon" style="box-sizing: border-box; color: rgb(0, 68, 244); display: inline-flex; height: 32px; line-height: 0; width: 32px;"><svg data-v-c29c0c10="" data-testid="kui-icon-svg-equal-icon" fill="none" height="100%" role="img" viewBox="0 0 24 24" width="100%" xmlns="http://www.w3.org/2000/svg"><title data-v-c29c0c10="" data-testid="kui-icon-svg-title">My custom title</title><path data-v-c29c0c10="" d="M4 17V14H20V17H4ZM4 10V7H20V10H4Z" fill="currentColor"></path></svg></span>