<span class="kui-icon expand-icon" data-testid="kui-icon-wrapper-expand-icon" style="box-sizing: border-box; color: rgb(0, 68, 244); display: inline-flex; flex-shrink: 0; height: 32px; line-height: 0; width: 32px;"><svg data-testid="kui-icon-svg-expand-icon" fill="none" height="100%" role="img" viewBox="0 0 24 24" width="100%" xmlns="http://www.w3.org/2000/svg"><title data-testid="kui-icon-svg-title">My custom title</title><path d="M3 21V13H5V17.6L17.6 5H13V3H21V11H19V6.4L6.4 19H11V21H3Z" fill="currentColor"></path></svg></span>