<span data-v-80ee5364="" class="kui-icon flag-sb-icon" data-testid="kui-icon-wrapper-flag-sb-icon" style="box-sizing: border-box; color: rgb(0, 68, 244); display: inline-flex; height: 32px; line-height: 0; width: 32px;"><svg data-v-80ee5364="" data-testid="kui-icon-svg-flag-sb-icon" fill="none" height="100%" role="img" viewBox="0 0 24 24" width="100%" xmlns="http://www.w3.org/2000/svg"><title data-v-80ee5364="" data-testid="kui-icon-svg-title">My custom title</title><g data-v-80ee5364="" clip-path="url(#clip0_246_5274)"><path data-v-80ee5364="" d="M20.4854 20.4856C24.9859 15.9851 25.1636 8.79988 21.0203 4.08618L11.9997 11.9999L4.08594 21.0206C8.79963 25.1638 15.9848 24.9861 20.4854 20.4856Z" fill="#496E2D"></path><path data-v-80ee5364="" d="M3.51438 3.5144C8.01488 -0.986107 15.2001 -1.16381 19.9138 2.97942L12 12.0001L2.97944 19.9138C-1.16383 15.2001 -0.986083 8.01491 3.51438 3.5144Z" fill="#0052B4"></path><path data-v-80ee5364="" d="M19.9139 2.97937L2.97949 19.9138C3.15068 20.1085 3.32843 20.2996 3.51448 20.4856C3.70048 20.6716 3.89158 20.8493 4.0864 21.0206L21.0207 4.08618C20.8495 3.89137 20.6717 3.70031 20.4856 3.51426C20.2997 3.32835 20.1086 3.15056 19.9139 2.97937Z" fill="#FFDA44"></path><path data-v-80ee5364="" d="M5.05619 4.17358L5.31526 4.97079H6.15343L5.47534 5.46339L5.73432 6.2606L5.05619 5.76789L4.37805 6.2606L4.63712 5.46339L3.95898 4.97079H4.7972L5.05619 4.17358Z" fill="#F0F0F0"></path><path data-v-80ee5364="" d="M9.33792 4.17358L9.597 4.97079H10.4351L9.75703 5.46339L10.0161 6.2606L9.33792 5.76789L8.65978 6.2606L8.91886 5.46339L8.24072 4.97079H9.07889L9.33792 4.17358Z" fill="#F0F0F0"></path><path data-v-80ee5364="" d="M5.05619 8.34766L5.31526 9.14486H6.15343L5.47534 9.63751L5.73432 10.4347L5.05619 9.94201L4.37805 10.4347L4.63712 9.63751L3.95898 9.14486H4.7972L5.05619 8.34766Z" fill="#F0F0F0"></path><path data-v-80ee5364="" d="M9.33792 8.34766L9.597 9.14486H10.4351L9.75703 9.63751L10.0161 10.4347L9.33792 9.94201L8.65978 10.4347L8.91886 9.63751L8.24072 9.14486H9.07889L9.33792 8.34766Z" fill="#F0F0F0"></path><path data-v-80ee5364="" d="M7.19686 6.26062L7.45593 7.05782H8.29406L7.61597 7.55048L7.875 8.34768L7.19686 7.85498L6.51872 8.34768L6.77775 7.55048L6.09961 7.05782H6.93783L7.19686 6.26062Z" fill="#F0F0F0"></path></g><defs data-v-80ee5364=""><clipPath data-v-80ee5364="" id="clip0_246_5274"><rect data-v-80ee5364="" width="24" height="24" fill="white"></rect></clipPath></defs></svg></span>