<span data-v-e4ca4a4c="" class="kui-icon flag-rw-icon" data-testid="kui-icon-wrapper-flag-rw-icon" style="box-sizing: border-box; color: rgb(0, 68, 244); display: inline-flex; height: 32px; line-height: 0; width: 32px;"><svg data-v-e4ca4a4c="" data-testid="kui-icon-svg-flag-rw-icon" fill="none" height="100%" role="img" viewBox="0 0 24 24" width="100%" xmlns="http://www.w3.org/2000/svg"><title data-v-e4ca4a4c="" data-testid="kui-icon-svg-title">My custom title</title><g data-v-e4ca4a4c="" clip-path="url(#clip0_246_5122)"><path data-v-e4ca4a4c="" d="M0 12C0 14.0789 0.528891 16.0342 1.45908 17.7391L12 18.7826L22.5409 17.7391C23.4711 16.0342 24 14.0789 24 12L12 10.9565L0 12Z" fill="#FFDA44"></path><path data-v-e4ca4a4c="" d="M22.5409 6.26086C20.5057 2.53073 16.5485 0 12 0C7.45148 0 3.49434 2.53073 1.45908 6.26086C0.528891 7.96575 0 9.92109 0 12H24C24 9.92109 23.4711 7.96575 22.5409 6.26086Z" fill="#338AF3"></path><path data-v-e4ca4a4c="" d="M11.9999 24C16.5484 24 20.5056 21.4693 22.5408 17.7391H1.45898C3.49425 21.4693 7.45139 24 11.9999 24Z" fill="#496E2D"></path><path data-v-e4ca4a4c="" d="M13.5654 7.02287L15.031 7.71226L14.2506 9.13163L15.842 8.82723L16.0437 10.4348L17.1521 9.25243L18.2606 10.4348L18.4622 8.82723L20.0536 9.13154L19.2732 7.71221L20.7387 7.02287L19.2732 6.33357L20.0536 4.91419L18.4622 5.2186L18.2605 3.61102L17.1521 4.7934L16.0436 3.61102L15.842 5.2186L14.2506 4.91419L15.031 6.33362L13.5654 7.02287Z" fill="#FFDA44"></path></g><defs data-v-e4ca4a4c=""><clipPath data-v-e4ca4a4c="" id="clip0_246_5122"><rect data-v-e4ca4a4c="" width="24" height="24" fill="white"></rect></clipPath></defs></svg></span>