<span class="kui-icon flag-ao-icon" data-testid="kui-icon-wrapper-flag-ao-icon" style="box-sizing: border-box; color: rgb(0, 68, 244); display: inline-flex; flex-shrink: 0; height: 32px; line-height: 0; width: 32px;"><svg data-testid="kui-icon-svg-flag-ao-icon" fill="none" height="100%" role="img" viewBox="0 0 24 24" width="100%" xmlns="http://www.w3.org/2000/svg"><title data-testid="kui-icon-svg-title">My custom title</title><g clip-path="url(#clip0_1_2255)">
<path d="M0 12C0 5.37262 5.37262 0 12 0C18.6274 0 24 5.37262 24 12C23.4783 12 12 13.5652 12 13.5652L0 12Z" fill="#D80027"></path>
<path d="M24 12C24 18.6274 18.6274 24 12 24C5.37262 24 0 18.6274 0 12" fill="black"></path>
<path d="M10.3546 9.54414L11.3719 10.2824L10.9842 11.4781L12.0007 10.7386L13.0181 11.4769L12.629 10.2816L13.6454 9.54217L12.3884 9.54292L11.9992 8.34766L11.6115 9.54334L10.3546 9.54414Z" fill="#FFDA44"></path>
<path d="M15 6.80381C14.0544 6.25785 13.0205 6.00018 12 6.00196V7.56684C12.7543 7.56548 13.5184 7.75579 14.2174 8.15938C16.3351 9.38207 17.0633 12.0997 15.8406 14.2174C14.6179 16.3351 11.9003 17.0633 9.78257 15.8407C9.1656 15.4844 8.66756 15.0008 8.30043 14.4427L6.99374 15.3053C7.49048 16.0604 8.16529 16.7142 8.99999 17.1961C11.8652 18.8503 15.5419 17.8651 17.1961 14.9999C18.8503 12.1348 17.8652 8.45803 15 6.80381V6.80381Z" fill="#FFDA44"></path>
<path d="M8.54016 10.9565C8.12531 11.7149 8.40385 12.6661 9.16219 13.0809L14.2457 15.8587C13.9 16.4907 14.0836 17.2598 14.7156 17.6055L16.0888 18.3567C16.7207 18.7024 17.5134 18.4703 17.8591 17.8384L18.6103 16.4652L8.54016 10.9565Z" fill="#FFDA44"></path>
</g>
<defs>
<clipPath id="clip0_1_2255">
<rect width="24" height="24" fill="white"></rect>
</clipPath>
</defs></svg></span>