<span data-v-fb0112d9="" class="kui-icon flag-bs-icon" data-testid="kui-icon-wrapper-flag-bs-icon" style="box-sizing: border-box; color: rgb(0, 68, 244); display: inline-flex; flex-shrink: 0; height: 32px; line-height: 0; width: 32px;"><svg data-v-fb0112d9="" data-testid="kui-icon-svg-flag-bs-icon" fill="none" height="100%" role="img" viewBox="0 0 24 24" width="100%" xmlns="http://www.w3.org/2000/svg"><title data-v-fb0112d9="" data-testid="kui-icon-svg-title">My custom title</title><g data-v-fb0112d9="" clip-path="url(#clip0_1_2265)"><path data-v-fb0112d9="" d="M12 24C18.6274 24 24 18.6274 24 12C24 5.37258 18.6274 0 12 0C5.37258 0 0 5.37258 0 12C0 18.6274 5.37258 24 12 24Z" fill="#FFDA44"></path><path data-v-fb0112d9="" d="M7.30437 7.82611H23.2536C21.5581 3.2565 17.1596 0 12 0C8.68625 0 5.68657 1.34339 3.51514 3.51511L7.30437 7.82611Z" fill="#338AF3"></path><path data-v-fb0112d9="" d="M7.30437 16.1738H23.2536C21.5581 20.7434 17.1596 23.9999 12 23.9999C8.68625 23.9999 5.68657 22.6565 3.51514 20.4848L7.30437 16.1738Z" fill="#338AF3"></path><path data-v-fb0112d9="" d="M3.51471 3.51465C-1.17157 8.20093 -1.17157 15.7989 3.51471 20.4853C5.45126 18.5487 7.31374 16.6862 12 12L3.51471 3.51465Z" fill="black"></path></g><defs data-v-fb0112d9=""><clipPath data-v-fb0112d9="" id="clip0_1_2265"><rect data-v-fb0112d9="" width="24" height="24" fill="white"></rect></clipPath></defs></svg></span>