<span data-v-a7f3ce5d="" class="kui-icon flag-gg-icon" data-testid="kui-icon-wrapper-flag-gg-icon" style="box-sizing: border-box; color: rgb(0, 68, 244); display: inline-flex; flex-shrink: 0; height: 32px; line-height: 0; width: 32px;"><svg data-v-a7f3ce5d="" data-testid="kui-icon-svg-flag-gg-icon" fill="none" height="100%" role="img" viewBox="0 0 24 24" width="100%" xmlns="http://www.w3.org/2000/svg"><title data-v-a7f3ce5d="" data-testid="kui-icon-svg-title">My custom title</title><g data-v-a7f3ce5d="" clip-path="url(#clip0_1_2347)"><path data-v-a7f3ce5d="" d="M12 24C18.6274 24 24 18.6274 24 12C24 5.37258 18.6274 0 12 0C5.37258 0 0 5.37258 0 12C0 18.6274 5.37258 24 12 24Z" fill="#F0F0F0"></path><path data-v-a7f3ce5d="" d="M23.8984 10.4348H13.5653H13.5652V0.101578C13.0529 0.034875 12.5305 0 12 0C11.4695 0 10.9471 0.034875 10.4348 0.101578V10.4348H0.101578C0.034875 10.9471 0 11.4695 0 12C0 12.5305 0.034875 13.0529 0.101578 13.5652H10.4347H10.4348V23.8984C10.9471 23.9651 11.4695 24 12 24C12.5305 24 13.0529 23.9652 13.5652 23.8984V13.5653V13.5652H23.8984C23.9651 13.0529 24 12.5305 24 12C24 11.4695 23.9651 10.9471 23.8984 10.4348V10.4348Z" fill="#D80027"></path><path data-v-a7f3ce5d="" d="M15.3913 12.5218L16.1739 13.0435V10.9566L15.3913 11.4783H12.5217V8.60875L13.0435 7.82617H10.9565L11.4783 8.60875V11.4783H8.60869L7.82611 10.9566V13.0435L8.60869 12.5218H11.4783V15.3914L10.9565 16.174H13.0435L12.5217 15.3914V12.5218H15.3913Z" fill="#FFDA44"></path></g><defs data-v-a7f3ce5d=""><clipPath data-v-a7f3ce5d="" id="clip0_1_2347"><rect data-v-a7f3ce5d="" width="24" height="24" fill="white"></rect></clipPath></defs></svg></span>