<span class="kui-icon flag-mt-icon" data-testid="kui-icon-wrapper-flag-mt-icon" style="box-sizing: border-box; color: rgb(0, 68, 244); display: inline-flex; flex-shrink: 0; height: 32px; line-height: 0; width: 32px;"><svg data-testid="kui-icon-svg-flag-mt-icon" fill="none" height="100%" role="img" viewBox="0 0 24 24" width="100%" xmlns="http://www.w3.org/2000/svg"><title data-testid="kui-icon-svg-title">My custom title</title><g clip-path="url(#clip0_246_4740)">
<path d="M12 24C18.6274 24 24 18.6274 24 12C24 5.37258 18.6274 0 12 0C5.37258 0 0 5.37258 0 12C0 18.6274 5.37258 24 12 24Z" fill="#F0F0F0"></path>
<path d="M12 0C18.6274 0 24 5.37262 24 12C24 18.6274 18.6274 24 12 24" fill="#D80027"></path>
<path d="M8.34774 4.69567V3.13046H6.78253V4.69567H5.21729V6.26087H6.78253V7.82612H8.34774V6.26087H9.91294V4.69567H8.34774Z" fill="#ACABB1"></path>
</g>
<defs>
<clipPath id="clip0_246_4740">
<rect width="24" height="24" fill="white"></rect>
</clipPath>
</defs></svg></span>