<span data-v-38f29dc9="" class="kui-icon flag-uz-icon" data-testid="kui-icon-wrapper-flag-uz-icon" style="box-sizing: border-box; color: rgb(0, 68, 244); display: inline-flex; height: 32px; line-height: 0; width: 32px;"><svg data-v-38f29dc9="" data-testid="kui-icon-svg-flag-uz-icon" fill="none" height="100%" role="img" viewBox="0 0 24 24" width="100%" xmlns="http://www.w3.org/2000/svg"><title data-v-38f29dc9="" data-testid="kui-icon-svg-title">My custom title</title><g data-v-38f29dc9="" clip-path="url(#clip0_246_5621)"><path data-v-38f29dc9="" d="M0.566625 8.34788C0.199031 9.4995 -4.68667e-05 10.7264 8.276e-09 11.9999C-4.68667e-05 13.2735 0.199078 14.5005 0.566672 15.6521L12 16.1739L23.4333 15.6522C23.8009 14.5005 24 13.2735 24 12C24 10.7264 23.8009 9.4995 23.4333 8.34783L12 7.82611L0.566625 8.34788Z" fill="#F0F0F0"></path><path data-v-38f29dc9="" d="M23.4332 8.34789L11.9999 7.82617L0.5665 8.34789C0.457563 8.68933 0.363766 9.03747 0.285156 9.39138H23.7144C23.6359 9.03742 23.5421 8.68923 23.4332 8.34789Z" fill="#D80027"></path><path data-v-38f29dc9="" d="M0.285156 14.6086C0.363672 14.9625 0.457469 15.3106 0.566406 15.6521L0.567531 15.6521L11.9997 16.1738L23.433 15.6521C23.542 15.3107 23.6357 14.9625 23.7143 14.6086H0.285156Z" fill="#D80027"></path><path data-v-38f29dc9="" d="M12.0002 23.9999C17.354 23.9999 21.8883 20.4935 23.4335 15.6521H0.566895C2.11213 20.4935 6.64644 23.9999 12.0002 23.9999Z" fill="#6DA544"></path><path data-v-38f29dc9="" d="M11.9997 6.10356e-05C6.64595 0.000107911 2.11173 3.5065 0.566406 8.34789L23.433 8.34794C21.8879 3.50645 17.3536 1.41606e-05 11.9997 6.10356e-05Z" fill="#338AF3"></path><path data-v-38f29dc9="" d="M5.48376 4.95661C5.48376 3.83268 6.27365 2.89378 7.32848 2.66344C7.16638 2.628 6.99815 2.60883 6.82537 2.60883C5.52871 2.60883 4.47754 3.65995 4.47754 4.95665C4.47754 6.25336 5.52862 7.30448 6.82537 7.30448C6.99815 7.30448 7.16634 7.28526 7.32848 7.24987C6.2737 7.01943 5.48376 6.08053 5.48376 4.95661Z" fill="#F0F0F0"></path><path data-v-38f29dc9="" d="M8.71628 6.0238L8.87519 6.51294H9.3895L8.97344 6.81529L9.13234 7.30443L8.71628 7.00213L8.30012 7.30443L8.45908 6.81529L8.04297 6.51294H8.55728L8.71628 6.0238Z" fill="#F0F0F0"></path><path data-v-38f29dc9="" d="M10.3578 6.0238L10.5167 6.51294H11.0311L10.6149 6.81529L10.7739 7.30443L10.3578 7.00213L9.94168 7.30443L10.1006 6.81529L9.68457 6.51294H10.1988L10.3578 6.0238Z" fill="#F0F0F0"></path><path data-v-38f29dc9="" d="M11.9995 6.0238L12.1584 6.51294H12.6727L12.2566 6.81529L12.4155 7.30443L11.9995 7.00213L11.5833 7.30443L11.7423 6.81529L11.3262 6.51294H11.8405L11.9995 6.0238Z" fill="#F0F0F0"></path><path data-v-38f29dc9="" d="M13.6411 6.0238L13.8 6.51294H14.3143L13.8982 6.81529L14.0572 7.30443L13.6411 7.00213L13.2249 7.30443L13.3839 6.81529L12.9678 6.51294H13.4821L13.6411 6.0238Z" fill="#F0F0F0"></path><path data-v-38f29dc9="" d="M15.2826 6.0238L15.4415 6.51294H15.9559L15.5398 6.81529L15.6987 7.30443L15.2826 7.00213L14.8665 7.30443L15.0254 6.81529L14.6094 6.51294H15.1236L15.2826 6.0238Z" fill="#F0F0F0"></path><path data-v-38f29dc9="" d="M10.3578 4.31628L10.5167 4.80538H11.0311L10.6149 5.10777L10.7739 5.59686L10.3578 5.29457L9.94168 5.59686L10.1006 5.10777L9.68457 4.80538H10.1988L10.3578 4.31628Z" fill="#F0F0F0"></path><path data-v-38f29dc9="" d="M11.9995 4.31628L12.1584 4.80538H12.6727L12.2566 5.10777L12.4155 5.59686L11.9995 5.29457L11.5833 5.59686L11.7423 5.10777L11.3262 4.80538H11.8405L11.9995 4.31628Z" fill="#F0F0F0"></path><path data-v-38f29dc9="" d="M13.6411 4.31628L13.8 4.80538H14.3143L13.8982 5.10777L14.0572 5.59686L13.6411 5.29457L13.2249 5.59686L13.3839 5.10777L12.9678 4.80538H13.4821L13.6411 4.31628Z" fill="#F0F0F0"></path><path data-v-38f29dc9="" d="M15.2826 4.31628L15.4415 4.80538H15.9559L15.5398 5.10777L15.6987 5.59686L15.2826 5.29457L14.8665 5.59686L15.0254 5.10777L14.6094 4.80538H15.1236L15.2826 4.31628Z" fill="#F0F0F0"></path><path data-v-38f29dc9="" d="M11.9995 2.6087L12.1584 3.09789H12.6727L12.2566 3.40019L12.4155 3.88938L11.9995 3.58708L11.5833 3.88938L11.7423 3.40019L11.3262 3.09789H11.8405L11.9995 2.6087Z" fill="#F0F0F0"></path><path data-v-38f29dc9="" d="M13.6411 2.6087L13.8 3.09789H14.3143L13.8982 3.40019L14.0572 3.88938L13.6411 3.58708L13.2249 3.88938L13.3839 3.40019L12.9678 3.09789H13.4821L13.6411 2.6087Z" fill="#F0F0F0"></path><path data-v-38f29dc9="" d="M15.2826 2.6087L15.4415 3.09789H15.9559L15.5398 3.40019L15.6987 3.88938L15.2826 3.58708L14.8665 3.88938L15.0254 3.40019L14.6094 3.09789H15.1236L15.2826 2.6087Z" fill="#F0F0F0"></path></g><defs data-v-38f29dc9=""><clipPath data-v-38f29dc9="" id="clip0_246_5621"><rect data-v-38f29dc9="" width="24" height="24" fill="white"></rect></clipPath></defs></svg></span>