<span data-v-5fc4cd10="" class="kui-icon flag-mc-icon" data-testid="kui-icon-wrapper-flag-mc-icon" style="box-sizing: border-box; color: rgb(0, 68, 244); display: inline-flex; flex-shrink: 0; height: 32px; line-height: 0; width: 32px;"><svg data-v-5fc4cd10="" data-testid="kui-icon-svg-flag-mc-icon" fill="none" height="100%" role="img" viewBox="0 0 24 24" width="100%" xmlns="http://www.w3.org/2000/svg"><title data-v-5fc4cd10="" data-testid="kui-icon-svg-title">My custom title</title><g data-v-5fc4cd10="" clip-path="url(#clip0_246_4811)"><path data-v-5fc4cd10="" d="M12 24C18.6274 24 24 18.6274 24 12C24 5.37258 18.6274 0 12 0C5.37258 0 0 5.37258 0 12C0 18.6274 5.37258 24 12 24Z" fill="#F0F0F0"></path><path data-v-5fc4cd10="" d="M0 12C0 5.37262 5.37262 0 12 0C18.6274 0 24 5.37262 24 12" fill="#D80027"></path></g><defs data-v-5fc4cd10=""><clipPath data-v-5fc4cd10="" id="clip0_246_4811"><rect data-v-5fc4cd10="" width="24" height="24" fill="white"></rect></clipPath></defs></svg></span>