<span data-v-ebf4f817="" class="kui-icon flag-sc-icon" data-testid="kui-icon-wrapper-flag-sc-icon" style="box-sizing: border-box; color: rgb(0, 68, 244); display: inline-flex; flex-shrink: 0; height: 32px; line-height: 0; width: 32px;"><svg data-v-ebf4f817="" data-testid="kui-icon-svg-flag-sc-icon" fill="none" height="100%" role="img" viewBox="0 0 24 24" width="100%" xmlns="http://www.w3.org/2000/svg"><title data-v-ebf4f817="" data-testid="kui-icon-svg-title">My custom title</title><g data-v-ebf4f817="" clip-path="url(#clip0_246_5216)"><path data-v-ebf4f817="" d="M12 24C18.6274 24 24 18.6274 24 12C24 5.37258 18.6274 0 12 0C5.37258 0 0 5.37258 0 12C0 18.6274 5.37258 24 12 24Z" fill="#F0F0F0"></path><path data-v-ebf4f817="" d="M20.1006 3.14705C17.9659 1.19273 15.1224 0 12.0001 0C11.489 0 10.9854 0.0322031 10.491 0.0942187L4.69581 6.78263L0.379883 15.0061C0.658695 16.0871 1.08498 17.1087 1.63496 18.0491L12.0001 12L20.1006 3.14705Z" fill="#FFDA44"></path><path data-v-ebf4f817="" d="M21.9903 18.6487L5.20117 21.8887C7.13378 23.22 9.47556 24 11.9998 24C16.168 24 19.8392 21.8746 21.9903 18.6487Z" fill="#6DA544"></path><path data-v-ebf4f817="" d="M20.1021 3.14862L1.6416 18.0607C2.12446 18.8842 2.70257 19.6451 3.36102 20.328L23.9999 12C23.9999 8.49565 22.4976 5.34246 20.1021 3.14862Z" fill="#D80027"></path><path data-v-ebf4f817="" d="M0 12C0 13.0382 0.131906 14.0455 0.379734 15.0062L10.4909 0.0942383C4.57584 0.836457 0 5.88377 0 12Z" fill="#0052B4"></path></g><defs data-v-ebf4f817=""><clipPath data-v-ebf4f817="" id="clip0_246_5216"><rect data-v-ebf4f817="" width="24" height="24" fill="white"></rect></clipPath></defs></svg></span>