<span data-v-2efe3a0f="" class="kui-icon flag-sy-icon" data-testid="kui-icon-wrapper-flag-sy-icon" style="box-sizing: border-box; color: rgb(0, 68, 244); display: inline-flex; height: 32px; line-height: 0; width: 32px;"><svg data-v-2efe3a0f="" data-testid="kui-icon-svg-flag-sy-icon" fill="none" height="100%" role="img" viewBox="0 0 24 24" width="100%" xmlns="http://www.w3.org/2000/svg"><title data-v-2efe3a0f="" data-testid="kui-icon-svg-title">My custom title</title><g data-v-2efe3a0f="" clip-path="url(#clip0_247_6261)"><path data-v-2efe3a0f="" d="M12 24C18.6274 24 24 18.6274 24 12C24 5.37258 18.6274 0 12 0C5.37258 0 0 5.37258 0 12C0 18.6274 5.37258 24 12 24Z" fill="#F0F0F0"></path><path data-v-2efe3a0f="" d="M11.9999 0C6.84037 0 2.44185 3.2565 0.746338 7.82611H23.2536C21.558 3.2565 17.1595 0 11.9999 0Z" fill="#D80027"></path><path data-v-2efe3a0f="" d="M11.9999 24C17.1595 24 21.558 20.7435 23.2536 16.1739H0.746338C2.44185 20.7435 6.84037 24 11.9999 24Z" fill="black"></path><path data-v-2efe3a0f="" d="M7.17018 9.13043L7.81767 11.1232H9.91312L8.21789 12.355L8.86542 14.3478L7.17018 13.1162L5.47495 14.3478L6.12248 12.355L4.42725 11.1232H6.5227L7.17018 9.13043Z" fill="#6DA544"></path><path data-v-2efe3a0f="" d="M16.8301 9.13043L17.4776 11.1232H19.5731L17.8778 12.355L18.5253 14.3478L16.8301 13.1162L15.1349 14.3478L15.7824 12.355L14.0872 11.1232H16.1826L16.8301 9.13043Z" fill="#6DA544"></path></g><defs data-v-2efe3a0f=""><clipPath data-v-2efe3a0f="" id="clip0_247_6261"><rect data-v-2efe3a0f="" width="24" height="24" fill="white"></rect></clipPath></defs></svg></span>