<span class="kui-icon flag-ch-icon" data-testid="kui-icon-wrapper-flag-ch-icon" style="box-sizing: border-box; color: rgb(0, 68, 244); display: inline-flex; flex-shrink: 0; height: 32px; line-height: 0; width: 32px;"><svg data-testid="kui-icon-svg-flag-ch-icon" fill="none" height="100%" role="img" viewBox="0 0 24 24" width="100%" xmlns="http://www.w3.org/2000/svg"><title data-testid="kui-icon-svg-title">My custom title</title><g clip-path="url(#clip0_247_6260)">
<path d="M12 24C18.6274 24 24 18.6274 24 12C24 5.37258 18.6274 0 12 0C5.37258 0 0 5.37258 0 12C0 18.6274 5.37258 24 12 24Z" fill="#D80027"></path>
<path d="M18.261 9.91307H14.0871V5.73914H9.91315V9.91307H5.73926V14.087H9.91315V18.2609H14.0871V14.087H18.261V9.91307Z" fill="#F0F0F0"></path>
</g>
<defs>
<clipPath id="clip0_247_6260">
<rect width="24" height="24" fill="white"></rect>
</clipPath>
</defs></svg></span>