<span data-v-9252fb8b="" class="kui-icon flag-bh-icon" data-testid="kui-icon-wrapper-flag-bh-icon" style="box-sizing: border-box; color: rgb(0, 68, 244); display: inline-flex; height: 32px; line-height: 0; width: 32px;"><svg data-v-9252fb8b="" data-testid="kui-icon-svg-flag-bh-icon" fill="none" height="100%" role="img" viewBox="0 0 24 24" width="100%" xmlns="http://www.w3.org/2000/svg"><title data-v-9252fb8b="" data-testid="kui-icon-svg-title">My custom title</title><g data-v-9252fb8b="" clip-path="url(#clip0_1415_3170)"><path data-v-9252fb8b="" d="M12 24C18.6274 24 24 18.6274 24 12C24 5.37258 18.6274 0 12 0C5.37258 0 0 5.37258 0 12C0 18.6274 5.37258 24 12 24Z" fill="#F0F0F0"></path><path data-v-9252fb8b="" d="M11.9999 0C9.59165 0 7.34953 0.709922 5.47021 1.93116L8.55642 3.9997L4.69556 5.99967L8.55642 7.99964L4.69556 9.99961L8.55642 11.9993L4.69556 13.9993L8.55642 15.9992L4.69556 17.9993L8.55642 19.9993L5.46984 22.0685C7.34924 23.29 9.59151 24 11.9999 24C18.6273 24 23.9999 18.6274 23.9999 12C23.9999 5.37262 18.6273 0 11.9999 0V0Z" fill="#D80027"></path></g><defs data-v-9252fb8b=""><clipPath data-v-9252fb8b="" id="clip0_1415_3170"><rect data-v-9252fb8b="" width="24" height="24" fill="white"></rect></clipPath></defs></svg></span>