<span class="kui-icon flag-bw-icon" data-testid="kui-icon-wrapper-flag-bw-icon" style="box-sizing: border-box; color: rgb(0, 68, 244); display: inline-flex; flex-shrink: 0; height: 32px; line-height: 0; width: 32px;"><svg data-testid="kui-icon-svg-flag-bw-icon" fill="none" height="100%" role="img" viewBox="0 0 24 24" width="100%" xmlns="http://www.w3.org/2000/svg"><title data-testid="kui-icon-svg-title">My custom title</title><g clip-path="url(#clip0_1_2281)">
<path d="M0.566671 8.34789C0.199077 9.49956 -1.09036e-06 10.7264 4.57846e-05 12.0001C-1.09036e-06 13.2736 0.199077 14.5005 0.566718 15.6522L12 16.174L23.4333 15.6522C23.8009 14.5005 24 13.2736 24 12.0001C24 10.7265 23.8009 9.49956 23.4333 8.34789L12 7.82617L0.566671 8.34789Z" fill="#F0F0F0"></path>
<path d="M24 12.0001C24 11.2882 23.9377 10.5909 23.8187 9.91309H0.181313C0.0623437 10.5909 0 11.2881 0 12.0001C0 12.712 0.0623906 13.4092 0.181313 14.087H23.8187C23.9376 13.4092 24 12.7119 24 12.0001Z" fill="black"></path>
<path d="M12 23.9997C17.3539 23.9997 21.8881 20.4933 23.4333 15.6519H0.566711C2.11195 20.4933 6.64621 23.9996 12 23.9997V23.9997Z" fill="#338AF3"></path>
<path d="M12 1.87984e-09C6.64621 1.87984e-09 2.11199 3.50639 0.566666 8.34773L23.4332 8.34778C21.8881 3.50639 17.3538 -9.37481e-05 12 1.87984e-09V1.87984e-09Z" fill="#338AF3"></path>
</g>
<defs>
<clipPath id="clip0_1_2281">
<rect width="24" height="24" fill="white"></rect>
</clipPath>
</defs></svg></span>