<span data-v-c1366c2e="" class="kui-icon flag-jp-icon" data-testid="kui-icon-wrapper-flag-jp-icon" style="box-sizing: border-box; color: rgb(0, 68, 244); display: inline-flex; flex-shrink: 0; height: 32px; line-height: 0; width: 32px;"><svg data-v-c1366c2e="" data-testid="kui-icon-svg-flag-jp-icon" fill="none" height="100%" role="img" viewBox="0 0 24 24" width="100%" xmlns="http://www.w3.org/2000/svg"><title data-v-c1366c2e="" data-testid="kui-icon-svg-title">My custom title</title><g data-v-c1366c2e="" clip-path="url(#clip0_1415_4034)"><path data-v-c1366c2e="" d="M12 24C18.6274 24 24 18.6274 24 12C24 5.37258 18.6274 0 12 0C5.37258 0 0 5.37258 0 12C0 18.6274 5.37258 24 12 24Z" fill="#F0F0F0"></path><path data-v-c1366c2e="" d="M12.0001 17.2175C14.8816 17.2175 17.2175 14.8816 17.2175 12.0001C17.2175 9.11861 14.8816 6.78271 12.0001 6.78271C9.11861 6.78271 6.78271 9.11861 6.78271 12.0001C6.78271 14.8816 9.11861 17.2175 12.0001 17.2175Z" fill="#D80027"></path></g><defs data-v-c1366c2e=""><clipPath data-v-c1366c2e="" id="clip0_1415_4034"><rect data-v-c1366c2e="" width="24" height="24" fill="white"></rect></clipPath></defs></svg></span>