<span data-v-850861f5="" class="kui-icon flag-nr-icon" data-testid="kui-icon-wrapper-flag-nr-icon" style="box-sizing: border-box; color: rgb(0, 68, 244); display: inline-flex; height: 32px; line-height: 0; width: 32px;"><svg data-v-850861f5="" data-testid="kui-icon-svg-flag-nr-icon" fill="none" height="100%" role="img" viewBox="0 0 24 24" width="100%" xmlns="http://www.w3.org/2000/svg"><title data-v-850861f5="" data-testid="kui-icon-svg-title">My custom title</title><g data-v-850861f5="" clip-path="url(#clip0_246_4883)"><path data-v-850861f5="" d="M12 24C18.6274 24 24 18.6274 24 12C24 5.37258 18.6274 0 12 0C5.37258 0 0 5.37258 0 12C0 18.6274 5.37258 24 12 24Z" fill="#0052B4"></path><path data-v-850861f5="" d="M12 24C18.6274 24 24 18.6274 24 12C24 5.37258 18.6274 0 12 0C5.37258 0 0 5.37258 0 12C0 18.6274 5.37258 24 12 24Z" fill="#FFDA44"></path><path data-v-850861f5="" d="M12.0002 0C5.72438 0 0.574789 4.81786 0.0458984 10.9565H23.9545C23.4256 4.81786 18.276 0 12.0002 0Z" fill="#0052B4"></path><path data-v-850861f5="" d="M12.0002 24C18.276 24 23.4256 19.1821 23.9545 13.0435H0.0458984C0.574789 19.1821 5.72438 24 12.0002 24Z" fill="#0052B4"></path><path data-v-850861f5="" d="M9.91312 16.1739L8.56846 16.8064L9.28448 18.1087L7.82437 17.8293L7.63936 19.3043L6.62231 18.2195L5.60531 19.3043L5.42029 17.8293L3.96014 18.1086L4.6762 16.8064L3.33154 16.1739L4.67625 15.5414L3.96014 14.2392L5.42025 14.5185L5.60536 13.0435L6.62231 14.1283L7.6394 13.0435L7.82437 14.5185L9.28453 14.2392L8.56851 15.5415L9.91312 16.1739Z" fill="#F0F0F0"></path></g><defs data-v-850861f5=""><clipPath data-v-850861f5="" id="clip0_246_4883"><rect data-v-850861f5="" width="24" height="24" fill="white"></rect></clipPath></defs></svg></span>