<span data-v-36298b54="" class="kui-icon flag-ga-icon" data-testid="kui-icon-wrapper-flag-ga-icon" style="box-sizing: border-box; color: rgb(0, 68, 244); display: inline-flex; flex-shrink: 0; height: 32px; line-height: 0; width: 32px;"><svg data-v-36298b54="" data-testid="kui-icon-svg-flag-ga-icon" fill="none" height="100%" role="img" viewBox="0 0 24 24" width="100%" xmlns="http://www.w3.org/2000/svg"><title data-v-36298b54="" data-testid="kui-icon-svg-title">My custom title</title><g data-v-36298b54="" clip-path="url(#clip0_1_2335)"><path data-v-36298b54="" d="M23.2536 16.174C23.736 14.874 24 13.4679 24 12.0001C24 10.5322 23.736 9.12623 23.2536 7.8262L12 6.78271L0.746391 7.8262C0.264047 9.12623 0 10.5322 0 12.0001C0 13.4679 0.264047 14.874 0.746391 16.174L12 17.2175L23.2536 16.174Z" fill="#FFDA44"></path><path data-v-36298b54="" d="M12 23.9999C17.1595 23.9999 21.5581 20.7434 23.2536 16.1738H0.746338C2.4419 20.7434 6.84037 23.9999 12 23.9999Z" fill="#0052B4"></path><path data-v-36298b54="" d="M12 0C6.84037 0 2.4419 3.2565 0.746338 7.82611H23.2536C21.5581 3.2565 17.1595 0 12 0Z" fill="#6DA544"></path></g><defs data-v-36298b54=""><clipPath data-v-36298b54="" id="clip0_1_2335"><rect data-v-36298b54="" width="24" height="24" fill="white"></rect></clipPath></defs></svg></span>