<span data-v-5f231cbd="" class="kui-icon flag-gu-icon" data-testid="kui-icon-wrapper-flag-gu-icon" style="box-sizing: border-box; color: rgb(0, 68, 244); display: inline-flex; flex-shrink: 0; height: 32px; line-height: 0; width: 32px;"><svg data-v-5f231cbd="" data-testid="kui-icon-svg-flag-gu-icon" fill="none" height="100%" role="img" viewBox="0 0 24 24" width="100%" xmlns="http://www.w3.org/2000/svg"><title data-v-5f231cbd="" data-testid="kui-icon-svg-title">My custom title</title><g data-v-5f231cbd="" clip-path="url(#clip0_1_2345)"><path data-v-5f231cbd="" d="M5.23657 21.9131C7.16238 23.2296 9.49113 24.0001 12 24.0001C14.5089 24.0001 16.8376 23.2296 18.7635 21.9131L12 20.8696L5.23657 21.9131Z" fill="#D80027"></path><path data-v-5f231cbd="" d="M18.7635 2.08697C16.8376 0.770484 14.5089 0 12 0C9.49113 0 7.16238 0.770484 5.23657 2.08697L12 3.13045L18.7635 2.08697Z" fill="#D80027"></path><path data-v-5f231cbd="" d="M24 11.9999C24 8.02916 21.6227 4.04151 18.7635 2.08691H5.23655C2.07516 4.24804 0 7.88151 0 11.9999C0 16.1185 2.07516 19.7518 5.23655 21.913H18.7635C21.9249 19.7518 24 16.1185 24 11.9999Z" fill="#0052B4"></path><path data-v-5f231cbd="" d="M11.3209 19.5751C11.1569 19.4344 7.30432 16.0853 7.30432 12.0002C7.30432 7.91511 11.1569 4.56593 11.3209 4.42536L12 3.84326L12.6791 4.42531C12.843 4.56593 16.6956 7.91506 16.6956 12.0002C16.6956 16.0854 12.8431 19.4345 12.6791 19.5751L12 20.1572L11.3209 19.5751Z" fill="#D80027"></path><path data-v-5f231cbd="" d="M15.6522 11.9999C15.6522 8.34774 12 5.21729 12 5.21729C12 5.21729 8.34784 8.34783 8.34784 11.9999C8.34784 13.1172 8.68989 14.1854 9.16435 15.1304H14.8357C15.3101 14.1854 15.6522 13.1172 15.6522 11.9999Z" fill="#338AF3"></path><path data-v-5f231cbd="" d="M15.6522 12C15.6522 13.1173 15.3101 14.1855 14.8357 15.1305L12 15.6522L9.16435 15.1305C8.68989 14.1855 8.34784 13.1173 8.34784 12H15.6522Z" fill="#0052B4"></path><path data-v-5f231cbd="" d="M12 18.7825C12 18.7825 13.7591 17.2742 14.8357 15.1304H9.16437C10.2409 17.2742 12 18.7825 12 18.7825Z" fill="#FFDA44"></path><path data-v-5f231cbd="" d="M9.65216 9.91309H14.3478L12 12.2609L9.65216 9.91309Z" fill="#6DA544"></path><path data-v-5f231cbd="" d="M11.2173 11.4785H12.7825V16.1742H11.2173V11.4785Z" fill="#A2001D"></path></g><defs data-v-5f231cbd=""><clipPath data-v-5f231cbd="" id="clip0_1_2345"><rect data-v-5f231cbd="" width="24" height="24" fill="white"></rect></clipPath></defs></svg></span>