<span class="kui-icon flag-ru-icon" data-testid="kui-icon-wrapper-flag-ru-icon" style="box-sizing: border-box; color: rgb(0, 68, 244); display: inline-flex; flex-shrink: 0; height: 32px; line-height: 0; width: 32px;"><svg data-testid="kui-icon-svg-flag-ru-icon" fill="none" height="100%" role="img" viewBox="0 0 24 24" width="100%" xmlns="http://www.w3.org/2000/svg"><title data-testid="kui-icon-svg-title">My custom title</title><g clip-path="url(#clip0_246_5118)">
<path d="M12 24C18.6274 24 24 18.6274 24 12C24 5.37258 18.6274 0 12 0C5.37258 0 0 5.37258 0 12C0 18.6274 5.37258 24 12 24Z" fill="#F0F0F0"></path>
<path d="M23.2536 16.1739C23.736 14.8739 24 13.4678 24 12C24 10.5322 23.736 9.1261 23.2536 7.82611H0.746391C0.264047 9.1261 0 10.5322 0 12C0 13.4678 0.264047 14.8739 0.746391 16.1739L12 17.2174L23.2536 16.1739Z" fill="#0052B4"></path>
<path d="M12.0002 24C17.1598 24 21.5583 20.7435 23.2538 16.1739H0.746582C2.4421 20.7435 6.84061 24 12.0002 24Z" fill="#D80027"></path>
</g>
<defs>
<clipPath id="clip0_246_5118">
<rect width="24" height="24" fill="white"></rect>
</clipPath>
</defs></svg></span>