<span class="kui-icon flag-cr-icon" data-testid="kui-icon-wrapper-flag-cr-icon" style="box-sizing: border-box; color: rgb(0, 68, 244); display: inline-flex; flex-shrink: 0; height: 32px; line-height: 0; width: 32px;"><svg data-testid="kui-icon-svg-flag-cr-icon" fill="none" height="100%" role="img" viewBox="0 0 24 24" width="100%" xmlns="http://www.w3.org/2000/svg"><title data-testid="kui-icon-svg-title">My custom title</title><g clip-path="url(#clip0_1_2307)">
<path d="M12 24C18.6274 24 24 18.6274 24 12C24 5.37258 18.6274 0 12 0C5.37258 0 0 5.37258 0 12C0 18.6274 5.37258 24 12 24Z" fill="#F0F0F0"></path>
<path d="M23.2536 7.82617H0.746391C0.264047 9.12616 0 10.5322 0 12.0001C0 13.4679 0.264047 14.874 0.746391 16.174H23.2537C23.736 14.874 24 13.4679 24 12.0001C24 10.5322 23.736 9.12616 23.2536 7.82617Z" fill="#D80027"></path>
<path d="M12 0C8.36293 0 5.10404 1.61831 2.9034 4.17389H21.0966C18.896 1.61831 15.6371 0 12 0V0Z" fill="#0052B4"></path>
<path d="M21.0966 19.8262H2.9034C5.10404 22.3818 8.36293 24.0001 12 24.0001C15.6371 24.0001 18.896 22.3818 21.0966 19.8262Z" fill="#0052B4"></path>
</g>
<defs>
<clipPath id="clip0_1_2307">
<rect width="24" height="24" fill="white"></rect>
</clipPath>
</defs></svg></span>