<span class="kui-icon flag-gn-icon" data-testid="kui-icon-wrapper-flag-gn-icon" style="box-sizing: border-box; color: rgb(0, 68, 244); display: inline-flex; flex-shrink: 0; height: 32px; line-height: 0; width: 32px;"><svg data-testid="kui-icon-svg-flag-gn-icon" fill="none" height="100%" role="img" viewBox="0 0 24 24" width="100%" xmlns="http://www.w3.org/2000/svg"><title data-testid="kui-icon-svg-title">My custom title</title><g clip-path="url(#clip0_1_2348)">
<path d="M16.174 0.746437C14.874 0.264047 13.4679 0 12 0C10.5322 0 9.12615 0.264047 7.82621 0.746344L7.30444 12L7.82616 23.2537C9.12615 23.736 10.5322 24 12 24C13.4679 24 14.874 23.736 16.174 23.2536L16.6958 12L16.174 0.746437Z" fill="#FFDA44"></path>
<path d="M0 12.0002C0 17.1598 3.2565 21.5583 7.82611 23.2538V0.746582C3.2565 2.44214 0 6.84061 0 12.0002Z" fill="#D80027"></path>
<path d="M24 12.0002C24 6.84061 20.7435 2.44214 16.1739 0.746582V23.2538C20.7435 21.5583 24 17.1598 24 12.0002Z" fill="#6DA544"></path>
</g>
<defs>
<clipPath id="clip0_1_2348">
<rect width="24" height="24" fill="white"></rect>
</clipPath>
</defs></svg></span>