<span data-v-bca65d97="" class="kui-icon flag-sl-icon" data-testid="kui-icon-wrapper-flag-sl-icon" style="box-sizing: border-box; color: rgb(0, 68, 244); display: inline-flex; height: 32px; line-height: 0; width: 32px;"><svg data-v-bca65d97="" data-testid="kui-icon-svg-flag-sl-icon" fill="none" height="100%" role="img" viewBox="0 0 24 24" width="100%" xmlns="http://www.w3.org/2000/svg"><title data-v-bca65d97="" data-testid="kui-icon-svg-title">My custom title</title><g data-v-bca65d97="" clip-path="url(#clip0_246_5222)"><path data-v-bca65d97="" d="M23.2536 16.1739C23.736 14.8739 24 13.4679 24 12C24 10.5322 23.736 9.12612 23.2536 7.82614L12 6.78265L0.746391 7.82614C0.264 9.12612 0 10.5322 0 12C0 13.4679 0.264 14.8739 0.746391 16.1739L12 17.2174L23.2536 16.1739Z" fill="#F0F0F0"></path><path data-v-bca65d97="" d="M12.0002 24C17.1598 24 21.5583 20.7435 23.2538 16.1739H0.746582C2.44214 20.7435 6.84061 24 12.0002 24Z" fill="#338AF3"></path><path data-v-bca65d97="" d="M12.0002 0C6.84061 0 2.44214 3.2565 0.746582 7.82611H23.2538C21.5583 3.2565 17.1598 0 12.0002 0Z" fill="#6DA544"></path></g><defs data-v-bca65d97=""><clipPath data-v-bca65d97="" id="clip0_246_5222"><rect data-v-bca65d97="" width="24" height="24" fill="white"></rect></clipPath></defs></svg></span>