<span data-v-d3982a16="" class="kui-icon flag-cn-icon" data-testid="kui-icon-wrapper-flag-cn-icon" style="box-sizing: border-box; color: rgb(0, 68, 244); display: inline-flex; flex-shrink: 0; height: 32px; line-height: 0; width: 32px;"><svg data-v-d3982a16="" data-testid="kui-icon-svg-flag-cn-icon" fill="none" height="100%" role="img" viewBox="0 0 24 24" width="100%" xmlns="http://www.w3.org/2000/svg"><title data-v-d3982a16="" data-testid="kui-icon-svg-title">My custom title</title><g data-v-d3982a16="" clip-path="url(#clip0_1_2301)"><path data-v-d3982a16="" d="M12 24C18.6274 24 24 18.6274 24 12C24 5.37258 18.6274 0 12 0C5.37258 0 0 5.37258 0 12C0 18.6274 5.37258 24 12 24Z" fill="#D80027"></path><path data-v-d3982a16="" d="M6.56719 7.30273L7.60312 10.4902H10.9547L8.24531 12.4637L9.28125 15.6512L6.56719 13.6824L3.85313 15.6512L4.89375 12.4637L2.17969 10.4902H5.53125L6.56719 7.30273Z" fill="#FFDA44"></path><path data-v-d3982a16="" d="M14.2266 18.5857L13.4344 17.6107L12.2625 18.0654L12.9422 17.0107L12.15 16.0311L13.3641 16.3545L14.0484 15.2998L14.1141 16.5561L15.3328 16.8795L14.1563 17.3295L14.2266 18.5857Z" fill="#FFDA44"></path><path data-v-d3982a16="" d="M15.8016 15.7264L16.1766 14.5264L15.15 13.7998L16.4063 13.7811L16.7766 12.5811L17.1844 13.7717L18.4406 13.7576L17.4328 14.5076L17.8359 15.6982L16.8094 14.9717L15.8016 15.7264Z" fill="#FFDA44"></path><path data-v-d3982a16="" d="M17.925 8.80771L17.3719 9.9374L18.2719 10.814L17.0297 10.6358L16.4766 11.7608L16.2609 10.5233L15.0141 10.3452L16.1297 9.75928L15.9141 8.51709L16.8141 9.39365L17.925 8.80771Z" fill="#FFDA44"></path><path data-v-d3982a16="" d="M14.2594 5.38574L14.1656 6.63731L15.3328 7.11074L14.1094 7.41074L14.0203 8.66699L13.3594 7.59824L12.1359 7.89824L12.9469 6.9373L12.2813 5.87324L13.4484 6.34668L14.2594 5.38574Z" fill="#FFDA44"></path></g><defs data-v-d3982a16=""><clipPath data-v-d3982a16="" id="clip0_1_2301"><rect data-v-d3982a16="" width="24" height="24" fill="white"></rect></clipPath></defs></svg></span>