<span class="kui-icon flag-ag-icon" data-testid="kui-icon-wrapper-flag-ag-icon" style="box-sizing: border-box; color: rgb(0, 68, 244); display: inline-flex; flex-shrink: 0; height: 32px; line-height: 0; width: 32px;"><svg data-testid="kui-icon-svg-flag-ag-icon" fill="none" height="100%" role="img" viewBox="0 0 24 24" width="100%" xmlns="http://www.w3.org/2000/svg"><title data-testid="kui-icon-svg-title">My custom title</title><g clip-path="url(#clip0_1_2257)">
<path d="M0 12.0001C0 12.822 0.082875 13.6246 0.240328 14.4001L12 15.1305L23.7597 14.4001C23.9172 13.6246 24 12.822 24 12.0001C24 11.1781 23.9171 10.3755 23.7597 9.60008L12 8.86963L0.240328 9.60008C0.082875 10.3755 0 11.1781 0 12.0001H0Z" fill="#0052B4"></path>
<path d="M23.7597 14.3999H0.240326C1.35215 19.8772 6.19458 23.9999 12 23.9999C17.8054 23.9999 22.6478 19.8772 23.7597 14.3999Z" fill="#F0F0F0"></path>
<path d="M0.240326 9.6H23.7598C22.6478 4.12266 17.8055 0 12 0C6.19448 0 1.35215 4.12266 0.240326 9.6V9.6Z" fill="black"></path>
<path d="M17.2174 9.59998H6.78262L8.9145 8.59714L7.77923 6.53253L10.0942 6.97527L10.3876 4.63672L12 6.35675L13.6125 4.63672L13.9057 6.97527L16.2208 6.53253L15.0856 8.59723L17.2174 9.59998Z" fill="#FFDA44"></path>
<path d="M0 12.0002C0 18.6276 5.37262 24.0002 12 24.0002L2.39981 4.7998C0.893062 6.80554 0 9.29849 0 12.0002Z" fill="#A2001D"></path>
<path d="M12 24.0002C18.6274 24.0002 24 18.6276 24 12.0002C24 9.29849 23.1069 6.80554 21.6002 4.7998L12 24.0002Z" fill="#A2001D"></path>
</g>
<defs>
<clipPath id="clip0_1_2257">
<rect width="24" height="24" fill="white"></rect>
</clipPath>
</defs></svg></span>