<span class="kui-icon language-java-icon" data-testid="kui-icon-wrapper-language-java-icon" style="box-sizing: border-box; color: rgb(0, 68, 244); display: inline-flex; flex-shrink: 0; height: 32px; line-height: 0; width: 32px;"><svg data-testid="kui-icon-svg-language-java-icon" fill="none" height="100%" role="img" viewBox="0 0 24 24" width="100%" xmlns="http://www.w3.org/2000/svg"><title data-testid="kui-icon-svg-title">My custom title</title><path d="M8.92824 18.3975C8.92824 18.3975 8.03443 18.9176 9.56518 19.0931C11.4199 19.305 12.3677 19.2746 14.4111 18.8884C14.4111 18.8884 14.9494 19.225 15.6998 19.5167C11.1175 21.4798 5.32956 19.4029 8.92824 18.3975ZM8.36799 15.8353C8.36799 15.8353 7.36524 16.5776 8.89731 16.7363C10.8786 16.9408 12.4429 16.9575 15.1512 16.4363C15.1512 16.4363 15.5249 16.816 16.1134 17.0233C10.5743 18.6433 4.40481 17.1508 8.36799 15.8353Z" fill="#0074BD"></path>
<path d="M13.0879 11.4883C14.2175 12.7886 12.7916 13.9577 12.7916 13.9577C12.7916 13.9577 15.6583 12.4781 14.342 10.6245C13.1122 8.89669 12.1695 8.0385 17.2736 5.07825C17.2736 5.07843 9.26154 7.07887 13.0879 11.4883Z" fill="#EA2D2E"></path>
<path d="M19.1481 20.2929C19.1481 20.2929 19.8098 20.8386 18.4191 21.2602C15.775 22.0612 7.4117 22.3027 5.08895 21.2923C4.25439 20.9289 5.82002 20.4251 6.31258 20.3188C6.82614 20.2076 7.11939 20.2279 7.11939 20.2279C6.1907 19.5741 1.11695 21.5122 4.54258 22.0682C13.884 23.5824 21.5708 21.3862 19.1481 20.2929ZM9.35852 13.1801C9.35852 13.1801 5.10489 14.1906 7.85233 14.5579C9.01258 14.7131 11.3245 14.6775 13.4794 14.4967C15.24 14.3488 17.0068 14.0329 17.0068 14.0329C17.0068 14.0329 16.3866 14.2989 15.9373 14.6053C11.617 15.7417 3.27283 15.2124 5.67527 14.0507C7.70627 13.0684 9.35852 13.1801 9.35852 13.1801ZM16.9892 17.4452C21.3806 15.1639 19.35 12.9714 17.9327 13.2667C17.5862 13.3389 17.4308 13.4017 17.4308 13.4017C17.4308 13.4017 17.5598 13.1994 17.8058 13.1124C20.6095 12.1271 22.7653 16.0192 16.9015 17.5609C16.9015 17.5605 16.9688 17.4996 16.9892 17.4452Z" fill="#0074BD"></path>
<path d="M14.342 0.297607C14.342 0.297607 16.7735 2.73061 12.0352 6.47067C8.23535 9.47179 11.1688 11.1825 12.0339 13.138C9.81559 11.1368 8.18847 9.37486 9.27991 7.73517C10.8827 5.32879 15.3228 4.16161 14.342 0.297607Z" fill="#EA2D2E"></path>
<path d="M9.79014 23.629C14.0044 23.8984 20.4776 23.479 20.6308 21.4847C20.6308 21.4847 20.3363 22.2407 17.1476 22.8406C13.5503 23.5178 9.11251 23.4389 6.48132 23.0044C6.48132 23.0046 7.02039 23.4509 9.79014 23.629Z" fill="#0074BD"></path></svg></span>