<span class="kui-icon language-c-plus-plus-icon" data-testid="kui-icon-wrapper-language-c-plus-plus-icon" style="box-sizing: border-box; color: rgb(0, 68, 244); display: inline-flex; flex-shrink: 0; height: 32px; line-height: 0; width: 32px;"><svg data-testid="kui-icon-svg-language-c-plus-plus-icon" fill="none" height="100%" role="img" viewBox="0 0 24 24" width="100%" xmlns="http://www.w3.org/2000/svg"><title data-testid="kui-icon-svg-title">My custom title</title><g clip-path="url(#clip0_2_1231)">
<path d="M22.2686 17.9663C22.4355 17.677 22.5388 17.3513 22.5388 17.0582V6.89627C22.5388 6.60414 22.4357 6.27808 22.2686 5.98877L11.8961 11.9775L22.2686 17.9663Z" fill="#00599C"></path>
<path d="M12.8175 23.7349L21.6174 18.6548C21.8709 18.5084 22.1015 18.2556 22.2686 17.9663L11.8961 11.9775L1.52246 17.9663C1.68934 18.2556 1.92015 18.5082 2.17365 18.6548L10.9736 23.7349C11.4804 24.0278 12.3105 24.0278 12.8171 23.7349H12.8175Z" fill="#004482"></path>
<path d="M22.2686 5.98898C22.1015 5.69911 21.8709 5.44636 21.6174 5.30067L12.8173 0.219797C12.3104 -0.0732656 11.4806 -0.0732656 10.9738 0.219797L2.17382 5.30067C1.66682 5.5928 1.25244 6.3113 1.25244 6.8963V17.058C1.25244 17.3509 1.35557 17.6768 1.52263 17.9661L11.8959 11.9775L22.2686 5.98898Z" fill="#659AD2"></path>
<path d="M11.896 4.88154C7.98342 4.88154 4.80042 8.06472 4.80042 11.9773C4.80042 15.8898 7.98342 19.073 11.896 19.073C14.4207 19.073 16.7755 17.7142 18.0404 15.5274L14.97 13.7503C14.3363 14.8453 13.1588 15.525 11.896 15.525C9.93979 15.525 8.3481 13.9335 8.3481 11.9771C8.3481 10.0207 9.93998 8.42922 11.896 8.42922C13.1579 8.42922 14.3367 9.10966 14.9691 10.2039L18.0404 8.42697C16.7747 6.23997 14.4207 4.88154 11.896 4.88154ZM17.415 10.7943V11.5832H16.6262V12.3712H17.415V13.16H18.2031V12.3712H18.9912V11.5832H18.2031V10.7943H17.415ZM20.3712 10.7943V11.5832H19.5829V12.3712H20.3712V13.16H21.16V12.3712H21.948V11.5832H21.16V10.7943H20.3712Z" fill="white"></path>
</g>
<defs>
<clipPath id="clip0_2_1231">
<rect width="24" height="24" fill="white"></rect>
</clipPath>
</defs></svg></span>