<span data-v-a16a05ea="" class="kui-icon mark-icon" data-testid="kui-icon-wrapper-mark-icon" style="box-sizing: border-box; color: rgb(0, 68, 244); display: inline-flex; flex-shrink: 0; height: 32px; line-height: 0; width: 32px;"><svg data-v-a16a05ea="" data-testid="kui-icon-svg-mark-icon" fill="none" height="100%" role="img" viewBox="0 0 24 24" width="100%" xmlns="http://www.w3.org/2000/svg"><title data-v-a16a05ea="" data-testid="kui-icon-svg-title">My custom title</title><path data-v-a16a05ea="" d="M6.79999 21.4L5.84999 20.45L4.79999 21.5C4.48333 21.8167 4.09583 21.9792 3.63749 21.9875C3.17916 21.9958 2.79999 21.8333 2.49999 21.5C2.18333 21.1833 2.02499 20.8 2.02499 20.35C2.02499 19.9 2.18333 19.5167 2.49999 19.2L3.54999 18.15L2.59999 17.15L16.45 3.3C16.65 3.1 16.8917 3 17.175 3C17.4583 3 17.7 3.1 17.9 3.3L20.7 6.1C20.9 6.3 21 6.54167 21 6.825C21 7.10833 20.9 7.35 20.7 7.55L6.79999 21.4ZM11.1 11.5L5.39999 17.15L6.84999 18.6L12.5 12.9L11.1 11.5Z" fill="currentColor"></path></svg></span>