<span class="kui-icon meta-llama-icon" data-testid="kui-icon-wrapper-meta-llama-icon" style="box-sizing: border-box; color: rgb(0, 68, 244); display: inline-flex; flex-shrink: 0; height: 32px; line-height: 0; width: 32px;"><svg data-testid="kui-icon-svg-meta-llama-icon" fill="none" height="100%" role="img" viewBox="0 0 24 24" width="100%" xmlns="http://www.w3.org/2000/svg"><title data-testid="kui-icon-svg-title">My custom title</title><path d="M7.74749 5H7.72749L7.70166 7.17916H7.71999C9.14915 7.17916 10.2583 8.30998 12.67 12.3841L12.8158 12.6316L12.8258 12.6483L14.1758 10.6166L14.1658 10.6008C13.8708 10.1178 13.5657 9.64105 13.2508 9.17081C12.9407 8.70675 12.6141 8.25396 12.2716 7.81332C10.6775 5.77666 9.34415 5 7.74749 5Z" fill="url(#paint0_linear_3684_5646)"></path>
<path d="M7.72728 5C6.12479 5.00833 4.70563 6.04833 3.68314 7.64165C3.68035 7.64637 3.67757 7.65109 3.6748 7.65582L5.55313 8.68165L5.56229 8.66748C6.16063 7.76499 6.90395 7.18916 7.70228 7.17999H7.71978L7.74645 5H7.72728Z" fill="url(#paint1_linear_3684_5646)"></path>
<path d="M3.68245 7.64166L3.67328 7.65583C2.99995 8.70582 2.49829 9.99582 2.22829 11.3866L2.22412 11.405L4.33578 11.905L4.33911 11.8866C4.56411 10.6641 4.99411 9.52999 5.55244 8.68249L5.5616 8.66832L3.68245 7.64166Z" fill="url(#paint2_linear_3684_5646)"></path>
<path d="M4.33915 11.8867L2.22833 11.3867L2.22417 11.405C2.07667 12.17 2.00167 12.9475 2 13.7266V13.7458L4.16499 13.94V13.9208C4.15711 13.239 4.21572 12.558 4.33999 11.8875L4.33915 11.8867Z" fill="url(#paint3_linear_3684_5646)"></path>
<path d="M4.23092 14.6141C4.1921 14.3902 4.17009 14.1638 4.16509 13.9366V13.9183L2.0001 13.7233V13.7433C1.99767 14.2049 2.03841 14.6658 2.12177 15.1199L4.23426 14.6324C4.23313 14.6263 4.23202 14.6202 4.23092 14.6141Z" fill="url(#paint4_linear_3684_5646)"></path>
<path d="M4.72482 15.7417C4.48815 15.4833 4.32149 15.1117 4.23399 14.635L4.23065 14.6175L2.11816 15.105L2.1215 15.1225C2.2815 15.9642 2.59483 16.6641 3.04316 17.195L3.05483 17.2091L4.73648 15.755C4.73229 15.7506 4.72896 15.7461 4.72482 15.7417Z" fill="url(#paint5_linear_3684_5646)"></path>
<path d="M10.9834 9.71161C9.71009 11.6699 8.93843 12.8991 8.93843 12.8991C7.2426 15.5657 6.65594 16.1632 5.71261 16.1632C5.5271 16.1681 5.34273 16.1327 5.17214 16.0597C5.00155 15.9866 4.84878 15.8775 4.72428 15.7399L3.04346 17.1932L3.05512 17.2074C3.67512 17.9316 4.54845 18.3332 5.63011 18.3332C7.26594 18.3332 8.44176 17.5599 10.5334 13.8916L12.0051 11.2833C11.6786 10.7502 11.3385 10.2261 10.9834 9.71161Z" fill="#0082FB"></path>
<path d="M13.2515 6.62168L13.2381 6.63502C12.9048 6.99335 12.5831 7.39168 12.2715 7.81501C12.5865 8.21751 12.9115 8.66834 13.2506 9.17334C13.6506 8.55417 14.024 8.05251 14.3898 7.66751L14.4031 7.65418L13.2515 6.62168Z" fill="url(#paint6_linear_3684_5646)"></path>
<path d="M19.4316 6.42749C18.5441 5.5275 17.4858 5 16.3541 5C15.1608 5 14.1566 5.65583 13.2516 6.61999L13.2383 6.63332L14.3899 7.66665L14.4033 7.65249C14.9991 7.02999 15.5766 6.71916 16.2166 6.71916C16.9049 6.71916 17.5499 7.04416 18.1083 7.61499L18.1208 7.62832L19.4449 6.44083L19.4316 6.42749Z" fill="#0082FB"></path>
<path d="M21.9984 13.4375C21.9484 10.5483 20.9401 7.96582 19.4451 6.44082L19.4317 6.42749L18.1084 7.61415L18.1209 7.62748C19.2459 8.78748 20.0184 10.9441 20.0884 13.4366V13.4558H21.9984V13.4375Z" fill="url(#paint7_linear_3684_5646)"></path>
<path d="M21.9982 13.4583V13.4391H20.0882V13.4575C20.0915 13.5741 20.0932 13.6925 20.0932 13.8108C20.0932 14.49 19.9923 15.0391 19.7865 15.4358L19.7773 15.4541L21.2007 16.9391L21.2115 16.9225C21.7282 16.1225 21.9998 15.0116 21.9998 13.6641C21.9998 13.595 21.9998 13.5266 21.9982 13.4583Z" fill="url(#paint8_linear_3684_5646)"></path>
<path d="M19.7865 15.4333L19.7773 15.45C19.599 15.785 19.3448 16.0083 19.0132 16.1058L19.6615 18.1574C19.7865 18.1152 19.9084 18.0645 20.0265 18.0058C20.488 17.7725 20.8804 17.4226 21.1648 16.9908L21.2015 16.9366L21.2115 16.9199L19.7865 15.4333Z" fill="url(#paint9_linear_3684_5646)"></path>
<path d="M18.5998 16.1608C18.3814 16.1608 18.1898 16.1283 18.0014 16.0441L17.3364 18.1458C17.7106 18.2733 18.1089 18.3308 18.5531 18.3308C18.9631 18.3308 19.3389 18.2699 19.6797 18.1516L19.0298 16.1C18.8906 16.1416 18.7464 16.1625 18.5998 16.1608Z" fill="url(#paint10_linear_3684_5646)"></path>
<path d="M17.2692 15.445L17.2575 15.4308L15.7275 17.0258L15.7409 17.0399C16.2717 17.6083 16.7792 17.9608 17.355 18.1541L18.0192 16.0541C17.7767 15.9499 17.5417 15.76 17.2692 15.445Z" fill="url(#paint11_linear_3684_5646)"></path>
<path d="M17.2576 15.4291C16.7992 14.8941 16.2309 14.0024 15.3384 12.5624L14.1751 10.6158L14.1659 10.5991L12.8159 12.6308L12.8259 12.6474L13.6501 14.0374C14.4492 15.3791 15.1001 16.3491 15.7276 17.0249L15.7409 17.0383L17.2692 15.4433C17.2653 15.4386 17.2614 15.4338 17.2576 15.4291Z" fill="url(#paint12_linear_3684_5646)"></path>
<defs>
<linearGradient id="paint0_linear_3684_5646" x1="499.069" y1="687.22" x2="97.6011" y2="159.46" gradientUnits="userSpaceOnUse">
<stop offset="0.0006" stop-color="#0867DF"></stop>
<stop offset="0.4539" stop-color="#0668E1"></stop>
<stop offset="0.8591" stop-color="#0064E0"></stop>
</linearGradient>
<linearGradient id="paint1_linear_3684_5646" x1="91.9074" y1="284.341" x2="378.363" y2="66.3193" gradientUnits="userSpaceOnUse">
<stop offset="0.1323" stop-color="#0064DF"></stop>
<stop offset="0.9988" stop-color="#0064E0"></stop>
</linearGradient>
<linearGradient id="paint2_linear_3684_5646" x1="129.926" y1="387.618" x2="246.709" y2="92.7499" gradientUnits="userSpaceOnUse">
<stop offset="0.0147" stop-color="#0072EC"></stop>
<stop offset="0.6881" stop-color="#0064DF"></stop>
</linearGradient>
<linearGradient id="paint3_linear_3684_5646" x1="112.054" y1="241.671" x2="126.301" y2="51.759" gradientUnits="userSpaceOnUse">
<stop offset="0.0731" stop-color="#007CF6"></stop>
<stop offset="0.9943" stop-color="#0072EC"></stop>
</linearGradient>
<linearGradient id="paint4_linear_3684_5646" x1="118.528" y1="95.1498" x2="114.434" y2="64.5876" gradientUnits="userSpaceOnUse">
<stop offset="0.0731" stop-color="#007FF9"></stop>
<stop offset="1" stop-color="#007CF6"></stop>
</linearGradient>
<linearGradient id="paint5_linear_3684_5646" x1="100.8" y1="47.0183" x2="163.297" y2="180.005" gradientUnits="userSpaceOnUse">
<stop offset="0.0731" stop-color="#007FF9"></stop>
<stop offset="1" stop-color="#0082FB"></stop>
</linearGradient>
<linearGradient id="paint6_linear_3684_5646" x1="86.4701" y1="182.383" x2="161.838" y2="77.8379" gradientUnits="userSpaceOnUse">
<stop offset="0.2799" stop-color="#007FF8"></stop>
<stop offset="0.9141" stop-color="#0082FB"></stop>
</linearGradient>
<linearGradient id="paint7_linear_3684_5646" x1="188.342" y1="50.2489" x2="355.75" y2="668.038" gradientUnits="userSpaceOnUse">
<stop stop-color="#0082FB"></stop>
<stop offset="0.9995" stop-color="#0081FA"></stop>
</linearGradient>
<linearGradient id="paint8_linear_3684_5646" x1="153.249" y1="29.7526" x2="55.0337" y2="228.881" gradientUnits="userSpaceOnUse">
<stop offset="0.0619" stop-color="#0081FA"></stop>
<stop offset="1" stop-color="#0080F9"></stop>
</linearGradient>
<linearGradient id="paint9_linear_3684_5646" x1="85.5828" y1="177.03" x2="164.83" y2="122.886" gradientUnits="userSpaceOnUse">
<stop stop-color="#027AF3"></stop>
<stop offset="1" stop-color="#0080F9"></stop>
</linearGradient>
<linearGradient id="paint10_linear_3684_5646" x1="65.2175" y1="130.379" x2="209.751" y2="130.379" gradientUnits="userSpaceOnUse">
<stop stop-color="#0377EF"></stop>
<stop offset="0.9994" stop-color="#0279F1"></stop>
</linearGradient>
<linearGradient id="paint11_linear_3684_5646" x1="108.088" y1="111.558" x2="189.464" y2="159.598" gradientUnits="userSpaceOnUse">
<stop offset="0.0019" stop-color="#0471E9"></stop>
<stop offset="1" stop-color="#0377EF"></stop>
</linearGradient>
<linearGradient id="paint12_linear_3684_5646" x1="156.453" y1="137.572" x2="422.264" y2="472.799" gradientUnits="userSpaceOnUse">
<stop offset="0.2765" stop-color="#0867DF"></stop>
<stop offset="1" stop-color="#0471E9"></stop>
</linearGradient>
</defs></svg></span>