<span class="kui-icon mistral-icon" data-testid="kui-icon-wrapper-mistral-icon" style="box-sizing: border-box; color: rgb(0, 68, 244); display: inline-flex; flex-shrink: 0; height: 32px; line-height: 0; width: 32px;"><svg data-testid="kui-icon-svg-mistral-icon" fill="none" height="100%" role="img" viewBox="0 0 24 24" width="100%" xmlns="http://www.w3.org/2000/svg"><title data-testid="kui-icon-svg-title">My custom title</title><path d="M16.5454 3H20.1817V6.63631H16.5454V3Z" fill="#FBFBF3"></path>
<path d="M18.3633 3H21.9996V6.63631H18.3633V3Z" fill="#F7CE47"></path>
<path d="M2 3H5.63631V6.63631H2V3ZM2 6.63631H5.63631V10.2726H2V6.63631ZM2 10.2726H5.63631V13.909H2V10.2726ZM2 13.909H5.63631V17.5453H2V13.909Z" fill="#FBFBF3"></path>
<path d="M2 17.5457H5.63631V21.1819H2V17.5457Z" fill="#FBFBF3"></path>
<path d="M3.81836 3H7.45467V6.63631H3.81836V3Z" fill="#F7CE47"></path>
<path d="M18.3637 6.63623H22V10.2725H18.3637V6.63623ZM3.81836 6.63623H7.45467V10.2725H3.81836V6.63623Z" fill="#F1A63C"></path>
<path d="M12.9092 6.63623H16.5455V10.2725H12.9092V6.63623Z" fill="#FBFBF3"></path>
<path d="M14.7274 6.63623H18.3636V10.2725H14.7274V6.63623ZM7.45459 6.63623H11.0909V10.2725H7.45459V6.63623Z" fill="#F1A63C"></path>
<path d="M11.0909 10.2726H14.7272V13.9089H11.0909V10.2726ZM14.7272 10.2726H18.3636V13.9089H14.7272V10.2726ZM7.45459 10.2726H11.0909V13.9089H7.45459V10.2726Z" fill="#ED7930"></path>
<path d="M9.27246 13.9089H12.9088V17.5453H9.27246V13.9089Z" fill="#FBFBF3"></path>
<path d="M11.0908 13.9089H14.7271V17.5453H11.0908V13.9089Z" fill="#E95829"></path>
<path d="M18.3637 10.2726H22V13.9089H18.3637V10.2726ZM3.81836 10.2726H7.45467V13.9089H3.81836V10.2726Z" fill="#ED7930"></path>
<path d="M16.5454 13.9089H20.1817V17.5453H16.5454V13.9089Z" fill="#FBFBF3"></path>
<path d="M18.3633 13.9089H21.9996V17.5453H18.3633V13.9089Z" fill="#E95829"></path>
<path d="M16.5454 17.5457H20.1817V21.1819H16.5454V17.5457Z" fill="#FBFBF3"></path>
<path d="M3.81836 13.9089H7.45467V17.5453H3.81836V13.9089Z" fill="#E95829"></path>
<path d="M18.3637 17.5457H22V21.1819H18.3637V17.5457ZM3.81836 17.5457H7.45467V21.1819H3.81836V17.5457Z" fill="#E93326"></path></svg></span>