<span class="kui-icon okta-icon" data-testid="kui-icon-wrapper-okta-icon" style="box-sizing: border-box; color: rgb(0, 68, 244); display: inline-flex; flex-shrink: 0; height: 32px; line-height: 0; width: 32px;"><svg data-testid="kui-icon-svg-okta-icon" fill="none" height="100%" role="img" viewBox="0 0 24 24" width="100%" xmlns="http://www.w3.org/2000/svg"><title data-testid="kui-icon-svg-title">My custom title</title><path fill-rule="evenodd" clip-rule="evenodd" d="M13.0245 1.85715L12.6017 7.06858C12.4017 7.04572 12.2017 7.03429 11.9959 7.03429C11.7388 7.03429 11.4874 7.05144 11.2417 7.09144L11.0017 4.56572C10.9959 4.48572 11.0588 4.41715 11.1388 4.41715H11.5674L11.3617 1.86287C11.3559 1.78287 11.4188 1.71429 11.4931 1.71429H12.8931C12.9731 1.71429 13.0359 1.78287 13.0245 1.86287V1.85715ZM9.49308 2.11429C9.47023 2.04001 9.39023 1.99429 9.31594 2.02287L8.00165 2.50287C7.92737 2.53144 7.89308 2.61715 7.92737 2.68572L8.99594 5.01715L8.59023 5.16572C8.51594 5.19429 8.48165 5.28001 8.51594 5.34858L9.60737 7.64001C10.0017 7.42287 10.4302 7.25715 10.8817 7.15429L9.4988 2.11429H9.49308ZM6.27023 3.56572L9.29308 7.82858C8.91023 8.08001 8.56165 8.37715 8.26451 8.72001L6.45308 6.93715C6.39594 6.88001 6.40165 6.78858 6.4588 6.73715L6.79023 6.46287L4.99023 4.64001C4.93308 4.58287 4.9388 4.49144 5.00165 4.44001L6.07023 3.54287C6.13308 3.49144 6.2188 3.50287 6.26451 3.56572H6.27023ZM3.73308 6.03429C3.67023 5.98858 3.5788 6.01144 3.5388 6.08001L2.84165 7.29144C2.80165 7.36001 2.83023 7.44572 2.8988 7.48001L5.2188 8.57715L5.00165 8.94858C4.96165 9.01715 4.99023 9.10858 5.06451 9.13715L7.37308 10.1943C7.5388 9.76572 7.76165 9.36572 8.03594 9.00572L3.73308 6.03429ZM2.02451 9.32572C2.03594 9.24572 2.11594 9.20001 2.19023 9.21715L7.24737 10.5372C7.11594 10.9657 7.04165 11.4172 7.03023 11.8857L4.4988 11.68C4.4188 11.6743 4.36165 11.6 4.3788 11.52L4.45308 11.0972L1.8988 10.8572C1.8188 10.8514 1.76737 10.7772 1.7788 10.6972L2.0188 9.32001L2.02451 9.32572ZM1.83594 12.7429C1.75594 12.7486 1.70451 12.8229 1.71594 12.9029L1.96165 14.28C1.97308 14.36 2.05308 14.4057 2.12737 14.3886L4.60737 13.7429L4.68165 14.1657C4.69308 14.2457 4.77308 14.2914 4.84737 14.2743L7.29308 13.6C7.15023 13.1772 7.0588 12.7257 7.03594 12.2629L1.83023 12.7429H1.83594ZM2.64737 16.3657C2.60737 16.2972 2.63594 16.2114 2.70451 16.1772L7.42451 13.9372C7.60165 14.36 7.84165 14.7543 8.12737 15.1086L6.0588 16.5829C5.99594 16.6286 5.90451 16.6114 5.86451 16.5429L5.64737 16.1657L3.5388 17.6229C3.47594 17.6686 3.38451 17.6457 3.34451 17.5772L2.64165 16.3657H2.64737ZM8.36737 15.3829L4.69308 19.1029C4.63594 19.16 4.64165 19.2514 4.70451 19.3029L5.7788 20.2C5.84165 20.2514 5.92737 20.24 5.97308 20.1772L7.4588 18.0857L7.79023 18.3657C7.85308 18.4172 7.94451 18.4057 7.99023 18.3372L9.43023 16.2457C9.04165 16.0057 8.68165 15.7143 8.37308 15.3829H8.36737ZM7.64165 21.3543C7.56737 21.3257 7.53308 21.24 7.56737 21.1714L9.74451 16.4172C10.1445 16.6229 10.5788 16.7772 11.0302 16.8629L10.3902 19.32C10.3731 19.3943 10.2874 19.44 10.2131 19.4114L9.80737 19.2629L9.12737 21.7372C9.10451 21.8114 9.02451 21.8572 8.95023 21.8286L7.63594 21.3486L7.64165 21.3543ZM11.3902 16.9257L10.9674 22.1372C10.9617 22.2172 11.0245 22.2857 11.0988 22.2857H12.4988C12.5788 22.2857 12.6417 22.2172 12.6302 22.1372L12.4245 19.5829H12.8531C12.9331 19.5829 12.9959 19.5143 12.9902 19.4343L12.7502 16.9086C12.5045 16.9486 12.2531 16.9657 11.9959 16.9657C11.7902 16.9657 11.5902 16.9543 11.3902 16.9257ZM16.4302 2.81715C16.4645 2.74287 16.4302 2.66287 16.3559 2.63429L15.0417 2.15429C14.9674 2.12572 14.8874 2.17144 14.8645 2.24572L14.1845 4.72001L13.7788 4.57144C13.7045 4.54287 13.6245 4.58858 13.6017 4.66287L12.9617 7.12001C13.4188 7.21144 13.8474 7.36572 14.2474 7.56572L16.4302 2.81715ZM19.2988 4.89144L15.6245 8.61144C15.3159 8.28001 14.9617 7.98858 14.5674 7.74858L16.0074 5.65715C16.0531 5.59429 16.1445 5.57715 16.2074 5.62858L16.5388 5.90858L18.0245 3.81715C18.0702 3.75429 18.1617 3.74287 18.2188 3.79429L19.2931 4.69144C19.3559 4.74287 19.3559 4.83429 19.3045 4.89144H19.2988ZM21.2874 7.81715C21.3617 7.78287 21.3845 7.69715 21.3445 7.62858L20.6417 6.41715C20.6017 6.34858 20.5102 6.33144 20.4474 6.37144L18.3388 7.82858L18.1217 7.45715C18.0817 7.38858 17.9902 7.36572 17.9274 7.41715L15.8588 8.89144C16.1445 9.24572 16.3788 9.64001 16.5617 10.0629L21.2817 7.82287L21.2874 7.81715ZM22.0302 9.71429L22.2702 11.0914C22.2817 11.1714 22.2302 11.24 22.1502 11.2514L16.9445 11.7372C16.9217 11.2686 16.8302 10.8229 16.6874 10.4L19.1331 9.72572C19.2074 9.70287 19.2874 9.75429 19.2988 9.83429L19.3731 10.2572L21.8531 9.61144C21.9274 9.59429 22.0074 9.64001 22.0188 9.72001L22.0302 9.71429ZM21.7959 14.7714C21.8702 14.7886 21.9502 14.7429 21.9617 14.6629L22.2017 13.2857C22.2131 13.2057 22.1617 13.1372 22.0817 13.1257L19.5274 12.8857L19.6017 12.4629C19.6131 12.3829 19.5617 12.3143 19.4817 12.3029L16.9502 12.0972C16.9388 12.5657 16.8645 13.0172 16.7331 13.4457L21.7902 14.7657L21.7959 14.7714ZM20.4474 17.9143C20.4074 17.9829 20.3159 18 20.2531 17.96L15.9502 14.9886C16.2245 14.6286 16.4474 14.2286 16.6131 13.8L18.9217 14.8572C18.9959 14.8914 19.0245 14.9772 18.9845 15.0457L18.7674 15.4172L21.0874 16.5143C21.1559 16.5486 21.1845 16.6343 21.1445 16.7029L20.4474 17.9143ZM14.6931 16.16L17.7159 20.4229C17.7617 20.4857 17.8531 20.4972 17.9102 20.4457L18.9788 19.5486C19.0417 19.4971 19.0417 19.4057 18.9902 19.3486L17.1902 17.5257L17.5217 17.2514C17.5845 17.2 17.5845 17.1086 17.5274 17.0514L15.7159 15.2686C15.4131 15.6114 15.0702 15.9143 14.6874 16.16H14.6931ZM14.6645 21.9657C14.5902 21.9943 14.5102 21.9486 14.4874 21.8743L13.1045 16.8343C13.5559 16.7314 13.9845 16.5657 14.3788 16.3486L15.4702 18.64C15.5045 18.7143 15.4702 18.8 15.3959 18.8229L14.9902 18.9714L16.0588 21.3029C16.0931 21.3772 16.0588 21.4572 15.9845 21.4857L14.6702 21.9657H14.6645Z" fill="#191919"></path></svg></span>