<span class="kui-icon plans-icon" data-testid="kui-icon-wrapper-plans-icon" style="box-sizing: border-box; color: rgb(0, 68, 244); display: inline-flex; flex-shrink: 0; height: 32px; line-height: 0; width: 32px;"><svg data-testid="kui-icon-svg-plans-icon" fill="none" height="100%" role="img" viewBox="0 0 24 24" width="100%" xmlns="http://www.w3.org/2000/svg"><title data-testid="kui-icon-svg-title">My custom title</title><path d="M8 20C7.71667 20 7.47917 19.9042 7.2875 19.7125C7.09583 19.5208 7 19.2833 7 19V5C7 4.71667 7.09583 4.47917 7.2875 4.2875C7.47917 4.09583 7.71667 4 8 4H16C16.2833 4 16.5208 4.09583 16.7125 4.2875C16.9042 4.47917 17 4.71667 17 5V19C17 19.2833 16.9042 19.5208 16.7125 19.7125C16.5208 19.9042 16.2833 20 16 20H8ZM3 17V6.975C3 6.69167 3.09583 6.45833 3.2875 6.275C3.47917 6.09167 3.71667 6 4 6C4.28333 6 4.52083 6.09583 4.7125 6.2875C4.90417 6.47917 5 6.71667 5 7V17.025C5 17.3083 4.90417 17.5417 4.7125 17.725C4.52083 17.9083 4.28333 18 4 18C3.71667 18 3.47917 17.9042 3.2875 17.7125C3.09583 17.5208 3 17.2833 3 17ZM19 17V6.975C19 6.69167 19.0958 6.45833 19.2875 6.275C19.4792 6.09167 19.7167 6 20 6C20.2833 6 20.5208 6.09583 20.7125 6.2875C20.9042 6.47917 21 6.71667 21 7V17.025C21 17.3083 20.9042 17.5417 20.7125 17.725C20.5208 17.9083 20.2833 18 20 18C19.7167 18 19.4792 17.9042 19.2875 17.7125C19.0958 17.5208 19 17.2833 19 17ZM9 18H15V6H9V18Z" fill="currentColor"></path></svg></span>