<span class="kui-icon servicenow-icon" data-testid="kui-icon-wrapper-servicenow-icon" style="box-sizing: border-box; color: rgb(0, 68, 244); display: inline-flex; flex-shrink: 0; height: 32px; line-height: 0; width: 32px;"><svg data-testid="kui-icon-svg-servicenow-icon" fill="none" height="100%" role="img" viewBox="0 0 24 24" width="100%" xmlns="http://www.w3.org/2000/svg"><title data-testid="kui-icon-svg-title">My custom title</title><path fill-rule="evenodd" clip-rule="evenodd" d="M12.08 1.27466C5.4302 1.27466 -0.00439453 6.64175 -0.00439453 13.2915C-0.00439453 16.5996 1.34582 19.8063 3.7762 22.0679C4.62008 22.878 5.93653 22.9455 6.88168 22.2367C9.91966 19.9751 14.1053 19.9751 17.1433 22.2367C18.0884 22.9455 19.4049 22.878 20.2488 22.0679C25.0758 17.4772 25.2783 9.8485 20.6876 5.02149C18.4597 2.65862 15.3205 1.30841 12.08 1.27466ZM12.0125 19.3337C8.77198 19.435 6.07155 16.8696 6.00404 13.6628C6.00404 13.5616 6.00404 13.4603 6.00404 13.359C6.00404 10.051 8.70446 7.35061 12.0125 7.35061C15.3205 7.35061 18.0209 10.051 18.0209 13.359C18.1222 16.5996 15.5568 19.2662 12.35 19.3675C12.215 19.3337 12.1137 19.3337 12.0125 19.3337Z" fill="#62D84E"></path></svg></span>