<span data-v-f3bb244e="" class="kui-icon tasklist-icon" data-testid="kui-icon-wrapper-tasklist-icon" style="box-sizing: border-box; color: rgb(0, 68, 244); display: inline-flex; height: 32px; line-height: 0; width: 32px;"><svg data-v-f3bb244e="" data-testid="kui-icon-svg-tasklist-icon" fill="none" height="100%" role="img" viewBox="0 0 24 24" width="100%" xmlns="http://www.w3.org/2000/svg"><title data-v-f3bb244e="" data-testid="kui-icon-svg-title">My custom title</title><path data-v-f3bb244e="" d="M5.52499 16.175L9.07499 12.625C9.27499 12.425 9.50832 12.3292 9.77499 12.3375C10.0417 12.3458 10.275 12.45 10.475 12.65C10.6583 12.85 10.75 13.0833 10.75 13.35C10.75 13.6167 10.6583 13.85 10.475 14.05L6.24999 18.3C6.04999 18.5 5.81665 18.6 5.54999 18.6C5.28332 18.6 5.04999 18.5 4.84999 18.3L2.69999 16.15C2.51665 15.9667 2.42499 15.7333 2.42499 15.45C2.42499 15.1667 2.51665 14.9333 2.69999 14.75C2.88332 14.5667 3.11665 14.475 3.39999 14.475C3.68332 14.475 3.91665 14.5667 4.09999 14.75L5.52499 16.175ZM5.52499 8.175L9.07499 4.625C9.27499 4.425 9.50832 4.32917 9.77499 4.3375C10.0417 4.34583 10.275 4.45 10.475 4.65C10.6583 4.85 10.75 5.08333 10.75 5.35C10.75 5.61667 10.6583 5.85 10.475 6.05L6.24999 10.3C6.04999 10.5 5.81665 10.6 5.54999 10.6C5.28332 10.6 5.04999 10.5 4.84999 10.3L2.69999 8.15C2.51665 7.96667 2.42499 7.73333 2.42499 7.45C2.42499 7.16667 2.51665 6.93333 2.69999 6.75C2.88332 6.56667 3.11665 6.475 3.39999 6.475C3.68332 6.475 3.91665 6.56667 4.09999 6.75L5.52499 8.175ZM14 17C13.7167 17 13.4792 16.9042 13.2875 16.7125C13.0958 16.5208 13 16.2833 13 16C13 15.7167 13.0958 15.4792 13.2875 15.2875C13.4792 15.0958 13.7167 15 14 15H21C21.2833 15 21.5208 15.0958 21.7125 15.2875C21.9042 15.4792 22 15.7167 22 16C22 16.2833 21.9042 16.5208 21.7125 16.7125C21.5208 16.9042 21.2833 17 21 17H14ZM14 9C13.7167 9 13.4792 8.90417 13.2875 8.7125C13.0958 8.52083 13 8.28333 13 8C13 7.71667 13.0958 7.47917 13.2875 7.2875C13.4792 7.09583 13.7167 7 14 7H21C21.2833 7 21.5208 7.09583 21.7125 7.2875C21.9042 7.47917 22 7.71667 22 8C22 8.28333 21.9042 8.52083 21.7125 8.7125C21.5208 8.90417 21.2833 9 21 9H14Z" fill="currentColor"></path></svg></span>