<span class="kui-icon trend-up-icon" data-testid="kui-icon-wrapper-trend-up-icon" style="box-sizing: border-box; color: rgb(0, 68, 244); display: inline-flex; flex-shrink: 0; height: 32px; line-height: 0; width: 32px;"><svg data-testid="kui-icon-svg-trend-up-icon" fill="none" height="100%" role="img" viewBox="0 0 24 24" width="100%" xmlns="http://www.w3.org/2000/svg"><title data-testid="kui-icon-svg-title">My custom title</title><path d="M3.4 18L2 16.6L9.4 9.15L13.4 13.15L18.6 8H16V6H22V12H20V9.4L13.4 16L9.4 12L3.4 18Z" fill="currentColor"></path></svg></span>