<span data-v-8695e6cb="" class="kui-icon upload-icon" data-testid="kui-icon-wrapper-upload-icon" style="box-sizing: border-box; color: rgb(0, 68, 244); display: inline-flex; flex-shrink: 0; height: 32px; line-height: 0; width: 32px;"><svg data-v-8695e6cb="" data-testid="kui-icon-svg-upload-icon" fill="none" height="100%" role="img" viewBox="0 0 24 24" width="100%" xmlns="http://www.w3.org/2000/svg"><title data-v-8695e6cb="" data-testid="kui-icon-svg-title">My custom title</title><path data-v-8695e6cb="" d="M11 16.5V8.35L8.4 10.95L7 9.5L12 4.5L17 9.5L15.6 10.95L13 8.35V16.5H11ZM6 20.5C5.45 20.5 4.97917 20.3042 4.5875 19.9125C4.19583 19.5208 4 19.05 4 18.5V15.5H6V18.5H18V15.5H20V18.5C20 19.05 19.8042 19.5208 19.4125 19.9125C19.0208 20.3042 18.55 20.5 18 20.5H6Z" fill="currentColor"></path></svg></span>